// Jest Snapshot v1, https://goo.gl/fbAQLP

exports[`renders correctly 1`] = `
.c0 {
  position: fixed;
  top: 0;
  bottom: 0;
  left: 0;
  right: 0;
  background: black;
  opacity: 0.8;
  -webkit-animation: laHpMQ 0.5s ease-in 1;
  animation: laHpMQ 0.5s ease-in 1;
}

<div>
  <div
    class="c0"
  />
</div>
`;
